Microchip MPLAB XC8 Compiler V2.46

Linker command line:

-W-3 --edf=/opt/microchip/xc8/v2.46/pic/dat/20240104201356_en.msgs -cn \
  -h+dist/default/production/Chronos.X.production.sym \
  --cmf=dist/default/production/Chronos.X.production.cmf -z -Q18F45K50 \
  -o/tmp/xcXlKCkaM/driver_tmp_3.o --defsym=__MPLAB_BUILD=1 \
  --fixupoverflow=error -Mdist/default/production/Chronos.X.production.map \
  --md=/tmp/xcXlKCkaM/driver_tmp_0.dat -E1 -ver=XC8 Compiler --acfsm=1493 \
  -ACODE=00h-07FFFh -ACONST=00h-07FFFh -ASMALLCONST=0800h-08FFhx120 \
  -AMEDIUMCONST=0800h-07FFFh -ACOMRAM=01h-05Fh -AABS1=00h-07FFh \
  -ABIGRAM=01h-07FFh -ARAM=060h-0FFh,0100h-01FFhx7 -ABANK0=060h-0FFh \
  -ABANK1=0100h-01FFh -ABANK2=0200h-02FFh -ABANK3=0300h-03FFh \
  -ABANK4=0400h-04FFh -ABANK5=0500h-05FFh -ABANK6=0600h-06FFh \
  -ABANK7=0700h-07FFh -ASFR=0F53h-0F5Fh,0F60h-0FFFh -ABIGSFR=0F53h-0FFFh \
  -ACONFIG=0300000h-030000Dh -AIDLOC=0200000h-0200007h \
  -AEEDATA=0F00000h-0F000FFh -peeprom_data=EEDATA \
  -preset_vec=00h,intcode,sivt_hi,intcodelo,sivt_lo,powerup,init \
  -pramtop=0800h -psmallconst=SMALLCONST -pmediumconst=MEDIUMCONST \
  -pconst=CONST -AFARRAM=00h-00h \
  -prdata=COMRAM,nvrram=COMRAM,nvbit=COMRAM,rbss=COMRAM,rbit=COMRAM \
  -pfarbss=FARRAM,fardata=FARRAM,nvFARRAM=FARRAM \
  -pintsave_regs=BIGRAM,bigbss=BIGRAM,bigdata=BIGRAM -pbss=RAM \
  -pidata=CODE,irdata=CODE,ibigdata=CODE,ifardata=CODE -prparam=COMRAM \
  /tmp/xcXlKCkaM/driver_tmp_9.o \
  dist/default/production/Chronos.X.production.o 

Object code version is 3.11

Machine type is 18F45K50



                Name                               Link     Load   Length Selector   Space Scale
/tmp/xcXlKCkaM/driver_tmp_9.o
                config                           300000   300000        E        0       4
                init                                  0        0        4        0       0
dist/default/production/Chronos.X.production.o
                config                           300000   300000        E        0       4
                mediumconst                        7C7E     7C7E      382     3E3F       0
                text13                             791E     791E       16     3C8F       0
                text12                             79E0     79E0       2E     3CF0       0
                text11                             78F8     78F8        8     3C7C       0
                text10                             7900     7900        8     3C80       0
                text9                              7912     7912        C     3C89       0
                text8                              794C     794C       22     3CA6       0
                text7                              7A40     7A40       6E     3D20       0
                text6                              796E     796E       22     3CB7       0
                text5                              7AAE     7AAE       78     3D57       0
                text4                              7990     7990       28     3CC8       0
                text3                              79B8     79B8       28     3CDC       0
                text2                              7A0E     7A0E       32     3D07       0
                text1                              7934     7934       18     3C9A       0
                text0                              7B26     7B26      158     3D93       0
                cstackCOMRAM                          1        1       21        1       1
                cinit                              7908     7908        A     3C84       0

TOTAL           Name                               Link     Load   Length     Space
        CLASS   CODE           
                init                                  0        0        4         0
                text13                             791E     791E       16         0
                text12                             79E0     79E0       2E         0
                text11                             78F8     78F8        8         0
                text10                             7900     7900        8         0
                text9                              7912     7912        C         0
                text8                              794C     794C       22         0
                text7                              7A40     7A40       6E         0
                text6                              796E     796E       22         0
                text5                              7AAE     7AAE       78         0
                text4                              7990     7990       28         0
                text3                              79B8     79B8       28         0
                text2                              7A0E     7A0E       32         0
                text1                              7934     7934       18         0
                text0                              7B26     7B26      158         0
                cinit                              7908     7908        A         0

        CLASS   CONST          

        CLASS   SMALLCONST     

        CLASS   MEDIUMCONST    
                mediumconst                        7C7E     7C7E      382         0

        CLASS   COMRAM         
                cstackCOMRAM                          1        1       21         1

        CLASS   ABS1           

        CLASS   BIGRAM         

        CLASS   RAM            

        CLASS   BANK0          

        CLASS   BANK1          

        CLASS   BANK2          

        CLASS   BANK3          

        CLASS   BANK4          

        CLASS   BANK5          

        CLASS   BANK6          

        CLASS   BANK7          

        CLASS   SFR            

        CLASS   BIGSFR         

        CLASS   CONFIG         
                config                           300000   300000        E         4

        CLASS   IDLOC          

        CLASS   EEDATA         

        CLASS   FARRAM         

        CLASS   HEAP           

        CLASS   STACK          



SEGMENTS        Name                           Load    Length   Top    Selector   Space  Class

                text9                          007912  00000C  00791E      3C89       0  CODE    
                text13                         00791E  000016  007934      3C8F       0  CODE    
                text3                          0079B8  000028  0079E0      3CDC       0  CODE    
                text12                         0079E0  00002E  007A0E      3CF0       0  CODE    
                text2                          007A0E  000032  007A40      3D07       0  CODE    
                text4                          007990  000028  0079B8      3CC8       0  CODE    
                text1                          007934  000018  00794C      3C9A       0  CODE    
                text8                          00794C  000022  00796E      3CA6       0  CODE    
                text6                          00796E  000022  007990      3CB7       0  CODE    
                text10                         007900  000008  007908      3C80       0  CODE    
                reset_vec                      000000  000004  000004         0       0  CODE    
                text11                         0078F8  000008  007900      3C7C       0  CODE    
                cinit                          007908  00000A  007912      3C84       0  CODE    
                mediumconst                    007C7E  000382  008000      3E3F       0  MEDIUMCO
                cstackCOMRAM                   000001  000021  000022         1       1  COMRAM  
                text5                          007AAE  000078  007B26      3D57       0  CODE    
                text7                          007A40  00006E  007AAE      3D20       0  CODE    
                text0                          007B26  000158  007C7E      3D93       0  CODE    


UNUSED ADDRESS RANGES

        Name                Unused          Largest block    Delta
        BANK0            000060-0000FF               A0
        BANK1            000100-0001FF              100
        BANK2            000200-0002FF              100
        BANK3            000300-0003FF              100
        BANK4            000400-0004FF              100
        BANK5            000500-0005FF              100
        BANK6            000600-0006FF              100
        BANK7            000700-0007FF              100
        BIGRAM           000022-0007FF              7DE
        BIGSFR           000F53-000FFF               AD
        CODE             000004-0078F7             78F4
        COMRAM           000022-00005F               3E
        CONST            000004-0078F7             78F4
        EEDATA           F00000-F000FF              100
        IDLOC            200000-200007                8
        MEDIUMCONST      000800-0078F7             70F8
        RAM              000060-0007FF              100
        SFR              000F53-000FFF                D
        SMALLCONST       000800-0078F7              100

                                  Symbol Table

_ACKDT                   (abs)        007E2D
_ACKEN                   (abs)        007E2C
_ACKSTAT                 (abs)        007E2E
_LATDbits                (abs)        000F8C
_OSCCONbits              (abs)        000FD3
_RCEN                    (abs)        007E2B
_SSP1ADD                 (abs)        000FC8
_SSP1CON1                (abs)        000FC6
_SSP1CON2                (abs)        000FC5
_SSP1CON2bits            (abs)        000FC5
_SSP1CON3                (abs)        000FCB
_SSP1STAT                (abs)        000FC7
_SSPBUF                  (abs)        000FC9
_TRISDbits               (abs)        000F95
__HRAM                   (abs)        000000
__H__absolute__          __absolute__ 000000
__Habs1                  abs1         000000
__Hbank0                 bank0        000000
__Hbank1                 bank1        000000
__Hbank2                 bank2        000000
__Hbank3                 bank3        000000
__Hbank4                 bank4        000000
__Hbank5                 bank5        000000
__Hbank6                 bank6        000000
__Hbank7                 bank7        000000
__Hbigbss                bigbss       000000
__Hbigdata               bigdata      000000
__Hbigram                bigram       000000
__Hbigsfr                bigsfr       000000
__Hbss                   bss          000000
__Hcinit                 cinit        000000
__Hclrtext               clrtext      000000
__Hcomram                comram       000000
__Hconfig                config       30000E
__Hconst                 const        000000
__HcstackCOMRAM          cstackCOMRAM 000000
__Hdata                  data         000000
__Heeprom_data           eeprom_data  000000
__Hfarbss                farbss       000000
__Hfardata               fardata      000000
__Hheap                  heap         000000
__Hibigdata              ibigdata     000000
__Hidata                 idata        000000
__Hidloc                 idloc        000000
__Hifardata              ifardata     000000
__Hinit                  init         000004
__Hintcode               intcode      000000
__Hintcode_body          intcode_body 000000
__Hintcodelo             intcodelo    000000
__Hintentry              intentry     000000
__Hintret                intret       000000
__Hintsave_regs          intsave_regs 000000
__Hirdata                irdata       000000
__Hmediumconst           mediumconst  008000
__HnvFARRAM              nvFARRAM     000000
__Hnvbit                 nvbit        000000
__Hnvrram                nvrram       000000
__Hparam                 rparam       000000
__Hpowerup               powerup      000000
__Hram                   ram          000000
__Hramtop                ramtop       000800
__Hrbit                  rbit         000000
__Hrbss                  rbss         000000
__Hrdata                 rdata        000000
__Hreset_vec             reset_vec    000000
__Hrparam                rparam       000000
__Hsfr                   sfr          000000
__Hsivt_hi               sivt_hi      000000
__Hsivt_lo               sivt_lo      000000
__Hsmallconst            smallconst   000000
__Hspace_0               (abs)        008000
__Hspace_1               (abs)        000022
__Hspace_2               (abs)        000000
__Hspace_4               (abs)        60000E
__Hstack                 stack        000000
__Hstruct                struct       000000
__Htemp                  temp         000000
__Htext                  text         000000
__Htext0                 text0        000000
__Htext1                 text1        000000
__Htext10                text10       000000
__Htext11                text11       000000
__Htext12                text12       000000
__Htext13                text13       000000
__Htext2                 text2        000000
__Htext3                 text3        000000
__Htext4                 text4        000000
__Htext5                 text5        000000
__Htext6                 text6        000000
__Htext7                 text7        000000
__Htext8                 text8        000000
__Htext9                 text9        000000
__LRAM                   (abs)        000001
__L__absolute__          __absolute__ 000000
__Labs1                  abs1         000000
__Lbank0                 bank0        000000
__Lbank1                 bank1        000000
__Lbank2                 bank2        000000
__Lbank3                 bank3        000000
__Lbank4                 bank4        000000
__Lbank5                 bank5        000000
__Lbank6                 bank6        000000
__Lbank7                 bank7        000000
__Lbigbss                bigbss       000000
__Lbigdata               bigdata      000000
__Lbigram                bigram       000000
__Lbigsfr                bigsfr       000000
__Lbss                   bss          000000
__Lcinit                 cinit        000000
__Lclrtext               clrtext      000000
__Lcomram                comram       000000
__Lconfig                config       000000
__Lconst                 const        000000
__LcstackCOMRAM          cstackCOMRAM 000000
__Ldata                  data         000000
__Leeprom_data           eeprom_data  000000
__Lfarbss                farbss       000000
__Lfardata               fardata      000000
__Lheap                  heap         000000
__Libigdata              ibigdata     000000
__Lidata                 idata        000000
__Lidloc                 idloc        000000
__Lifardata              ifardata     000000
__Linit                  init         000000
__Lintcode               intcode      000000
__Lintcode_body          intcode_body 000000
__Lintcodelo             intcodelo    000000
__Lintentry              intentry     000000
__Lintret                intret       000000
__Lintsave_regs          intsave_regs 000000
__Lirdata                irdata       000000
__Lmediumconst           mediumconst  007C7E
__LnvFARRAM              nvFARRAM     000000
__Lnvbit                 nvbit        000000
__Lnvrram                nvrram       000000
__Lparam                 rparam       000000
__Lpowerup               powerup      000000
__Lram                   ram          000000
__Lramtop                ramtop       000800
__Lrbit                  rbit         000000
__Lrbss                  rbss         000000
__Lrdata                 rdata        000000
__Lreset_vec             reset_vec    000000
__Lrparam                rparam       000000
__Lsfr                   sfr          000000
__Lsivt_hi               sivt_hi      000000
__Lsivt_lo               sivt_lo      000000
__Lsmallconst            smallconst   000000
__Lspace_0               (abs)        000000
__Lspace_1               (abs)        000000
__Lspace_2               (abs)        000000
__Lspace_4               (abs)        000000
__Lstack                 stack        000000
__Lstruct                struct       000000
__Ltemp                  temp         000000
__Ltext                  text         000000
__Ltext0                 text0        000000
__Ltext1                 text1        000000
__Ltext10                text10       000000
__Ltext11                text11       000000
__Ltext12                text12       000000
__Ltext13                text13       000000
__Ltext2                 text2        000000
__Ltext3                 text3        000000
__Ltext4                 text4        000000
__Ltext5                 text5        000000
__Ltext6                 text6        000000
__Ltext7                 text7        000000
__Ltext8                 text8        000000
__Ltext9                 text9        000000
__S0                     (abs)        008000
__S1                     (abs)        000022
__S4                     (abs)        000000
__S5                     (abs)        000000
___heap_hi               (abs)        000000
___heap_lo               (abs)        000000
___inthi_sp              stack        000000
___inthi_stack_hi        stack        000000
___inthi_stack_lo        stack        000000
___intlo_sp              stack        000000
___intlo_stack_hi        stack        000000
___intlo_stack_lo        stack        000000
___param_bank            (abs)        000000
___rparam_used           (abs)        000001
___sp                    stack        000000
___stack_hi              stack        000000
___stack_lo              stack        000000
__accesstop              (abs)        000060
__activetblptr           (abs)        000002
__end_of__initialization cinit        007908
__end_of_font            mediumconst  007FFF
__end_of_i2c_hold        text12       007A0E
__end_of_i2c_init        text13       007934
__end_of_i2c_read        text3        0079E0
__end_of_i2c_start       text11       007900
__end_of_i2c_stop        text10       007908
__end_of_i2c_write       text9        00791E
__end_of_main            text0        007C7E
__end_of_oled_command    text8        00796E
__end_of_oled_data       text6        007990
__end_of_oled_init       text7        007AAE
__end_of_oled_print_char text5        007B26
__end_of_oled_set_cursor text4        0079B8
__end_of_rtc_read        text2        007A40
__end_of_rtc_write       text1        00794C
__initialization         cinit        007908
__mediumconst            mediumconst  007C7E
__pcinit                 cinit        007908
__pcstackCOMRAM          cstackCOMRAM 000001
__pmediumconst           mediumconst  007C7E
__ptext0                 text0        007B26
__ptext1                 text1        007934
__ptext10                text10       007900
__ptext11                text11       0078F8
__ptext12                text12       0079E0
__ptext13                text13       00791E
__ptext2                 text2        007A0E
__ptext3                 text3        0079B8
__ptext4                 text4        007990
__ptext5                 text5        007AAE
__ptext6                 text6        00796E
__ptext7                 text7        007A40
__ptext8                 text8        00794C
__ptext9                 text9        007912
__ramtop                 ramtop       000800
__smallconst             smallconst   000000
_font                    mediumconst  007C7F
_i2c_hold                text12       0079E0
_i2c_init                text13       00791E
_i2c_read                text3        0079B8
_i2c_start               text11       0078F8
_i2c_stop                text10       007900
_i2c_write               text9        007912
_main                    text0        007B26
_oled_command            text8        00794C
_oled_data               text6        00796E
_oled_init               text7        007A40
_oled_print_char         text5        007AAE
_oled_set_cursor         text4        007990
_rtc_read                text2        007A0E
_rtc_write               text1        007934
end_of_initialization    cinit        007908
i2c_read@ack             cstackCOMRAM 000002
i2c_read@time            cstackCOMRAM 000003
i2c_write@data           cstackCOMRAM 000002
intlevel0                text         000000
intlevel1                text         000000
intlevel2                text         000000
intlevel3                text         000000
isa$std                  (abs)        000001
isa$xinst                (abs)        000000
main@date                cstackCOMRAM 00001F
main@date_ones           cstackCOMRAM 000016
main@date_tens           cstackCOMRAM 000017
main@hours               cstackCOMRAM 00001C
main@hours_ones          cstackCOMRAM 000010
main@hours_tens          cstackCOMRAM 000011
main@minutes             cstackCOMRAM 00001D
main@minutes_ones        cstackCOMRAM 000012
main@minutes_tens        cstackCOMRAM 000013
main@month               cstackCOMRAM 000020
main@month_ones          cstackCOMRAM 000018
main@month_tens          cstackCOMRAM 000019
main@seconds             cstackCOMRAM 00001E
main@seconds_ones        cstackCOMRAM 000014
main@seconds_tens        cstackCOMRAM 000015
main@year                cstackCOMRAM 000021
main@year_ones           cstackCOMRAM 00001A
main@year_tens           cstackCOMRAM 00001B
oled_command@command     cstackCOMRAM 000003
oled_data@data           cstackCOMRAM 000003
oled_print_char@bitmap   cstackCOMRAM 00000B
oled_print_char@c        cstackCOMRAM 00000A
oled_print_char@i        cstackCOMRAM 00000C
oled_set_cursor@x        cstackCOMRAM 000005
oled_set_cursor@y        cstackCOMRAM 000004
rtc_read@value           cstackCOMRAM 000004
rtc_write@reg            cstackCOMRAM 000003
stackhi                  (abs)        000000
stacklo                  (abs)        000000
start                    init         000000
start_initialization     cinit        007908


MODULE INFORMATION

Module		Function		Class		Link	Load	Size
i2c.c
		_i2c_hold      		CODE           	79E0	0000	46
		_i2c_start     		CODE           	78F8	0000	8
		_i2c_write     		CODE           	7912	0000	12
		_i2c_stop      		CODE           	7900	0000	8
		_i2c_read      		CODE           	79B8	0000	40
		_i2c_init      		CODE           	791E	0000	22

i2c.c estimated size: 136

shared
		_font          		MEDIUMCONST    	7C7F	0000	896
		__initialization		CODE           	7908	0000	1

shared estimated size: 897

rtc.c
		_rtc_write     		CODE           	7934	0000	24
		_rtc_read      		CODE           	7A0E	0000	50

rtc.c estimated size: 74

oled.c
		_oled_data     		CODE           	796E	0000	34
		_oled_command  		CODE           	794C	0000	34
		_oled_print_char		CODE           	7AAE	0000	120
		_oled_set_cursor		CODE           	7990	0000	40
		_oled_init     		CODE           	7A40	0000	110

oled.c estimated size: 338

main.c
		_main          		CODE           	7B26	0000	344

main.c estimated size: 344

